
 Start  Stop   Length Name               Class

 00000H 039D1H 039D2H _TEXT              CODE
 039D2H 048E1H 00F10H _DATA              DATA
 048E2H 05102H 00821H _BSS               BSS


Detailed map of segments

 0000:0000 00C3 C=CODE   S=_TEXT          G=(none)  M=INIT.C     ACBP=28
 0000:00C3 178E C=CODE   S=_TEXT          G=(none)  M=COMMAND.C  ACBP=28
 0000:1851 0840 C=CODE   S=_TEXT          G=(none)  M=LIB.C      ACBP=28
 0000:2091 01AB C=CODE   S=_TEXT          G=(none)  M=MINISO.ASM ACBP=28
 0000:223C 1796 C=CODE   S=_TEXT          G=(none)  M=SCALL.C    ACBP=28
 039D:0002 004E C=DATA   S=_DATA          G=DGROUP  M=INIT.C     ACBP=48
 039D:0050 0CB1 C=DATA   S=_DATA          G=DGROUP  M=COMMAND.C  ACBP=48
 039D:0D02 0000 C=DATA   S=_DATA          G=DGROUP  M=LIB.C      ACBP=48
 039D:0D02 0002 C=DATA   S=_DATA          G=DGROUP  M=MINISO.ASM ACBP=48
 039D:0D04 020E C=DATA   S=_DATA          G=DGROUP  M=SCALL.C    ACBP=48
 039D:0F12 0000 C=BSS    S=_BSS           G=DGROUP  M=INIT.C     ACBP=48
 039D:0F12 0629 C=BSS    S=_BSS           G=DGROUP  M=COMMAND.C  ACBP=48
 039D:153C 0000 C=BSS    S=_BSS           G=DGROUP  M=LIB.C      ACBP=48
 039D:153C 01F7 C=BSS    S=_BSS           G=DGROUP  M=SCALL.C    ACBP=48

  Address         Publics by Name

 0000:216D idle  LDIV@
 0000:217E idle  LMOD@
 0000:2175 idle  LUDIV@
 0000:2187 idle  LUMOD@
 0000:221E idle  LXLSH@
 0000:2153 idle  LXMUL@
 0000:216A idle  N_LDIV@
 0000:217B idle  N_LMOD@
 0000:2172       N_LUDIV@
 0000:2184       N_LUMOD@
 0000:221B idle  N_LXLSH@
 0000:214A       N_LXMUL@
 0000:1B2E       _ATOI
 0000:1868       _CLRSCR
 0000:0A43 idle  _CMD_CLS
 0000:173A idle  _CMD_CREATE
 0000:0908 idle  _CMD_DATE
 0000:109F idle  _CMD_DEMO
 0000:0E47 idle  _CMD_ECHO
 0000:089B idle  _CMD_EXIT
 0000:08B0 idle  _CMD_HELP
 0000:0D26 idle  _CMD_KILL
 0000:0A88 idle  _CMD_PS
 0000:0885 idle  _CMD_REBOOT
 0000:12F0 idle  _CMD_SEMCREATE
 0000:1515 idle  _CMD_SEMDESTROY
 0000:11FA idle  _CMD_SEMLS
 0000:1488 idle  _CMD_SEMTEST
 0000:14DC idle  _CMD_SEMUP
 0000:0D6E idle  _CMD_SET
 0000:1816 idle  _CMD_START
 0000:09A3 idle  _CMD_TIME
 0000:0E07 idle  _CMD_UNSET
 0000:0A59 idle  _CMD_VER
 0000:1182 idle  _CMD_WAIT
 0000:10F3 idle  _CMD_WAITPID
 0000:00C3       _COMMAND
 0000:154E idle  _CREATE
 0000:2108       _DISABLE
 0000:2106       _ENABLE
 0000:1FFB       _EXIT
 0000:1F8F       _FORK
 0000:211D       _FP_OFF
 0000:2115       _FP_SEG
 0000:185D       _GETCH
 0000:18E0       _GETCOLOR
 0000:191C       _GETDATE
 0000:2007       _GETPID
 0000:2012 idle  _GETPPID
 0000:193F       _GETTIME
 0000:20E9       _GETVECT
 0000:190D       _GOTOXY
 0000:2125       _INIT_DS
 0000:212F       _INIT_STACK
 0000:1EC2       _INTTOSTR
 0000:1B07 idle  _ISALPHA
 0000:1AEA idle  _ISDIGIT
 0000:1FA0       _KILL
 0000:0000 idle  _MAIN
 0000:20A1       _MINISO_CLOCKHANDLER
 0000:25CD       _MINISO_CONTEXTSWITCH
 039D:1542 idle  _MINISO_DELCURTHREAD
 039D:0D0D idle  _MINISO_FREE
 0000:2713       _MINISO_INIT_PROCTABLE
 0000:26F8 idle  _MINISO_INIT_SEMTABLE
 039D:1540 idle  _MINISO_NEXTTHREAD
 039D:153C       _MINISO_OLDISR
 039D:0D0B idle  _MINISO_READY
 0000:20B2       _MINISO_RETURN_ADDR
 039D:0D0F idle  _MINISO_SCALL_TABLE
 039D:16E3       _MINISO_SEM
 0000:2091       _MINISO_SYSTEMCALL
 039D:1543       _MINISO_THREAD
 0000:210A       _MK_FP
 0000:1851       _PUTCH
 0000:1871       _PUTSTR
 0000:1890       _PUTSTRXY
 0000:1F86       _REBOOT
 0000:223C       _SCALL
 0000:23FC idle  _SC_CLRSCR
 0000:30BD idle  _SC_EXIT
 0000:2814 idle  _SC_FORK
 0000:23AC idle  _SC_GETCH
 0000:241E idle  _SC_GETCOLOR
 0000:2484 idle  _SC_GETDATE
 0000:3342 idle  _SC_GETPID
 0000:3357 idle  _SC_GETPPID
 0000:2534 idle  _SC_GETTIME
 0000:2456 idle  _SC_GOTOXY
 0000:2A70 idle  _SC_KILL
 0000:2316 idle  _SC_PUTCH
 0000:27F4 idle  _SC_REBOOT
 0000:38D1 idle  _SC_SEMBROADCAST
 0000:35A2 idle  _SC_SEMCREATE
 0000:3899 idle  _SC_SEMDESTROY
 0000:3753 idle  _SC_SEMDOWN
 0000:362D idle  _SC_SEMSET
 0000:3666 idle  _SC_SEMUP
 0000:336C idle  _SC_SENDSIGNAL
 0000:2429 idle  _SC_SETCOLOR
 0000:2F3D idle  _SC_WAIT
 0000:2D6A idle  _SC_WAITPID
 0000:346C idle  _SC_WAITSIGNAL
 0000:2438 idle  _SC_WHEREX
 0000:2445 idle  _SC_WHEREY
 0000:2083       _SEMBROADCAST
 0000:203A       _SEMCREATE
 0000:2075       _SEMDESTROY
 0000:2067       _SEMDOWN
 039D:0F28 idle  _SEMID
 0000:2048 idle  _SEMSET
 0000:2059       _SEMUP
 0000:137F idle  _SEM_APLIC
 0000:201D idle  _SENDSIGNAL
 0000:18EB       _SETCOLOR
 0000:20C2       _SETVECT
 0000:1A8E       _STRCMP
 0000:1962       _STRCPY
 0000:1AD0       _STRLEN
 0000:1A42 idle  _STRLWR
 0000:19A4 idle  _STRNCPY
 0000:19F6 idle  _STRUPR
 0000:1C88 idle  _UNSIGNEDLONGTOSTR
 0000:1BA8       _UNSIGNEDTOSTR
 0000:1E42 idle  _UNSIGNEDTOSTRHEXA
 0000:1FAE       _WAIT
 0000:1FD3       _WAITPID
 0000:202E idle  _WAITSIGNAL
 0000:18F7       _WHEREX
 0000:1902       _WHEREY

  Address         Publics by Value

 0000:0000 idle  _MAIN
 0000:00C3       _COMMAND
 0000:0885 idle  _CMD_REBOOT
 0000:089B idle  _CMD_EXIT
 0000:08B0 idle  _CMD_HELP
 0000:0908 idle  _CMD_DATE
 0000:09A3 idle  _CMD_TIME
 0000:0A43 idle  _CMD_CLS
 0000:0A59 idle  _CMD_VER
 0000:0A88 idle  _CMD_PS
 0000:0D26 idle  _CMD_KILL
 0000:0D6E idle  _CMD_SET
 0000:0E07 idle  _CMD_UNSET
 0000:0E47 idle  _CMD_ECHO
 0000:109F idle  _CMD_DEMO
 0000:10F3 idle  _CMD_WAITPID
 0000:1182 idle  _CMD_WAIT
 0000:11FA idle  _CMD_SEMLS
 0000:12F0 idle  _CMD_SEMCREATE
 0000:137F idle  _SEM_APLIC
 0000:1488 idle  _CMD_SEMTEST
 0000:14DC idle  _CMD_SEMUP
 0000:1515 idle  _CMD_SEMDESTROY
 0000:154E idle  _CREATE
 0000:173A idle  _CMD_CREATE
 0000:1816 idle  _CMD_START
 0000:1851       _PUTCH
 0000:185D       _GETCH
 0000:1868       _CLRSCR
 0000:1871       _PUTSTR
 0000:1890       _PUTSTRXY
 0000:18E0       _GETCOLOR
 0000:18EB       _SETCOLOR
 0000:18F7       _WHEREX
 0000:1902       _WHEREY
 0000:190D       _GOTOXY
 0000:191C       _GETDATE
 0000:193F       _GETTIME
 0000:1962       _STRCPY
 0000:19A4 idle  _STRNCPY
 0000:19F6 idle  _STRUPR
 0000:1A42 idle  _STRLWR
 0000:1A8E       _STRCMP
 0000:1AD0       _STRLEN
 0000:1AEA idle  _ISDIGIT
 0000:1B07 idle  _ISALPHA
 0000:1B2E       _ATOI
 0000:1BA8       _UNSIGNEDTOSTR
 0000:1C88 idle  _UNSIGNEDLONGTOSTR
 0000:1E42 idle  _UNSIGNEDTOSTRHEXA
 0000:1EC2       _INTTOSTR
 0000:1F86       _REBOOT
 0000:1F8F       _FORK
 0000:1FA0       _KILL
 0000:1FAE       _WAIT
 0000:1FD3       _WAITPID
 0000:1FFB       _EXIT
 0000:2007       _GETPID
 0000:2012 idle  _GETPPID
 0000:201D idle  _SENDSIGNAL
 0000:202E idle  _WAITSIGNAL
 0000:203A       _SEMCREATE
 0000:2048 idle  _SEMSET
 0000:2059       _SEMUP
 0000:2067       _SEMDOWN
 0000:2075       _SEMDESTROY
 0000:2083       _SEMBROADCAST
 0000:2091       _MINISO_SYSTEMCALL
 0000:20A1       _MINISO_CLOCKHANDLER
 0000:20B2       _MINISO_RETURN_ADDR
 0000:20C2       _SETVECT
 0000:20E9       _GETVECT
 0000:2106       _ENABLE
 0000:2108       _DISABLE
 0000:210A       _MK_FP
 0000:2115       _FP_SEG
 0000:211D       _FP_OFF
 0000:2125       _INIT_DS
 0000:212F       _INIT_STACK
 0000:214A       N_LXMUL@
 0000:2153 idle  LXMUL@
 0000:216A idle  N_LDIV@
 0000:216D idle  LDIV@
 0000:2172       N_LUDIV@
 0000:2175 idle  LUDIV@
 0000:217B idle  N_LMOD@
 0000:217E idle  LMOD@
 0000:2184       N_LUMOD@
 0000:2187 idle  LUMOD@
 0000:221B idle  N_LXLSH@
 0000:221E idle  LXLSH@
 0000:223C       _SCALL
 0000:2316 idle  _SC_PUTCH
 0000:23AC idle  _SC_GETCH
 0000:23FC idle  _SC_CLRSCR
 0000:241E idle  _SC_GETCOLOR
 0000:2429 idle  _SC_SETCOLOR
 0000:2438 idle  _SC_WHEREX
 0000:2445 idle  _SC_WHEREY
 0000:2456 idle  _SC_GOTOXY
 0000:2484 idle  _SC_GETDATE
 0000:2534 idle  _SC_GETTIME
 0000:25CD       _MINISO_CONTEXTSWITCH
 0000:26F8 idle  _MINISO_INIT_SEMTABLE
 0000:2713       _MINISO_INIT_PROCTABLE
 0000:27F4 idle  _SC_REBOOT
 0000:2814 idle  _SC_FORK
 0000:2A70 idle  _SC_KILL
 0000:2D6A idle  _SC_WAITPID
 0000:2F3D idle  _SC_WAIT
 0000:30BD idle  _SC_EXIT
 0000:3342 idle  _SC_GETPID
 0000:3357 idle  _SC_GETPPID
 0000:336C idle  _SC_SENDSIGNAL
 0000:346C idle  _SC_WAITSIGNAL
 0000:35A2 idle  _SC_SEMCREATE
 0000:362D idle  _SC_SEMSET
 0000:3666 idle  _SC_SEMUP
 0000:3753 idle  _SC_SEMDOWN
 0000:3899 idle  _SC_SEMDESTROY
 0000:38D1 idle  _SC_SEMBROADCAST
 039D:0D0B idle  _MINISO_READY
 039D:0D0D idle  _MINISO_FREE
 039D:0D0F idle  _MINISO_SCALL_TABLE
 039D:0F28 idle  _SEMID
 039D:153C       _MINISO_OLDISR
 039D:1540 idle  _MINISO_NEXTTHREAD
 039D:1542 idle  _MINISO_DELCURTHREAD
 039D:1543       _MINISO_THREAD
 039D:16E3       _MINISO_SEM

Program entry point at 0000:0000
Warning: No stack

