
 Start  Stop   Length Name               Class

 00000H 039B4H 039B5H _TEXT              CODE
 039B6H 04897H 00EE2H _DATA              DATA
 04898H 050B8H 00821H _BSS               BSS


Detailed map of segments

 0000:0000 00C3 C=CODE   S=_TEXT          G=(none)  M=INIT.C     ACBP=28
 0000:00C3 1782 C=CODE   S=_TEXT          G=(none)  M=COMMAND.C  ACBP=28
 0000:1845 0840 C=CODE   S=_TEXT          G=(none)  M=LIB.C      ACBP=28
 0000:2085 01AB C=CODE   S=_TEXT          G=(none)  M=MINISO.ASM ACBP=28
 0000:2230 1785 C=CODE   S=_TEXT          G=(none)  M=SCALL.C    ACBP=28
 039B:0006 004E C=DATA   S=_DATA          G=DGROUP  M=INIT.C     ACBP=48
 039B:0054 0C83 C=DATA   S=_DATA          G=DGROUP  M=COMMAND.C  ACBP=48
 039B:0CD8 0000 C=DATA   S=_DATA          G=DGROUP  M=LIB.C      ACBP=48
 039B:0CD8 0002 C=DATA   S=_DATA          G=DGROUP  M=MINISO.ASM ACBP=48
 039B:0CDA 020E C=DATA   S=_DATA          G=DGROUP  M=SCALL.C    ACBP=48
 039B:0EE8 0000 C=BSS    S=_BSS           G=DGROUP  M=INIT.C     ACBP=48
 039B:0EE8 0629 C=BSS    S=_BSS           G=DGROUP  M=COMMAND.C  ACBP=48
 039B:1512 0000 C=BSS    S=_BSS           G=DGROUP  M=LIB.C      ACBP=48
 039B:1512 01F7 C=BSS    S=_BSS           G=DGROUP  M=SCALL.C    ACBP=48

  Address         Publics by Name

 0000:2161 idle  LDIV@
 0000:2172 idle  LMOD@
 0000:2169 idle  LUDIV@
 0000:217B idle  LUMOD@
 0000:2212 idle  LXLSH@
 0000:2147 idle  LXMUL@
 0000:215E idle  N_LDIV@
 0000:216F idle  N_LMOD@
 0000:2166       N_LUDIV@
 0000:2178       N_LUMOD@
 0000:220F idle  N_LXLSH@
 0000:213E       N_LXMUL@
 0000:1B22       _ATOI
 0000:185C       _CLRSCR
 0000:0A43 idle  _CMD_CLS
 0000:173A idle  _CMD_CREATE
 0000:0908 idle  _CMD_DATE
 0000:109F idle  _CMD_DEMO
 0000:0E47 idle  _CMD_ECHO
 0000:089B idle  _CMD_EXIT
 0000:08B0 idle  _CMD_HELP
 0000:0D26 idle  _CMD_KILL
 0000:0A88 idle  _CMD_PS
 0000:0885 idle  _CMD_REBOOT
 0000:12F0 idle  _CMD_SEMCREATE
 0000:1515 idle  _CMD_SEMDESTROY
 0000:11FA idle  _CMD_SEMLS
 0000:1488 idle  _CMD_SEMTEST
 0000:14DC idle  _CMD_SEMUP
 0000:0D6E idle  _CMD_SET
 0000:180A idle  _CMD_START
 0000:09A3 idle  _CMD_TIME
 0000:0E07 idle  _CMD_UNSET
 0000:0A59 idle  _CMD_VER
 0000:1182 idle  _CMD_WAIT
 0000:10F3 idle  _CMD_WAITPID
 0000:00C3       _COMMAND
 0000:154E idle  _CREATE
 0000:20FC       _DISABLE
 0000:20FA       _ENABLE
 0000:1FEF       _EXIT
 0000:1F83       _FORK
 0000:2111       _FP_OFF
 0000:2109       _FP_SEG
 0000:1851       _GETCH
 0000:18D4       _GETCOLOR
 0000:1910       _GETDATE
 0000:1FFB       _GETPID
 0000:2006 idle  _GETPPID
 0000:1933       _GETTIME
 0000:20DD       _GETVECT
 0000:1901       _GOTOXY
 0000:2119       _INIT_DS
 0000:2123       _INIT_STACK
 0000:1EB6       _INTTOSTR
 0000:1AFB idle  _ISALPHA
 0000:1ADE idle  _ISDIGIT
 0000:1F94       _KILL
 0000:0000 idle  _MAIN
 0000:2095       _MINISO_CLOCKHANDLER
 0000:25C1       _MINISO_CONTEXTSWITCH
 039B:1518 idle  _MINISO_DELCURTHREAD
 039B:0CE3 idle  _MINISO_FREE
 0000:2707       _MINISO_INIT_PROCTABLE
 0000:26EC idle  _MINISO_INIT_SEMTABLE
 039B:1516 idle  _MINISO_NEXTTHREAD
 039B:1512       _MINISO_OLDISR
 039B:0CE1 idle  _MINISO_READY
 0000:20A6       _MINISO_RETURN_ADDR
 039B:0CE5 idle  _MINISO_SCALL_TABLE
 039B:16B9       _MINISO_SEM
 0000:2085       _MINISO_SYSTEMCALL
 039B:1519       _MINISO_THREAD
 0000:20FE       _MK_FP
 0000:1845       _PUTCH
 0000:1865       _PUTSTR
 0000:1884       _PUTSTRXY
 0000:1F7A       _REBOOT
 0000:2230       _SCALL
 0000:23F0 idle  _SC_CLRSCR
 0000:30B1 idle  _SC_EXIT
 0000:2808 idle  _SC_FORK
 0000:23A0 idle  _SC_GETCH
 0000:2412 idle  _SC_GETCOLOR
 0000:2478 idle  _SC_GETDATE
 0000:3336 idle  _SC_GETPID
 0000:334B idle  _SC_GETPPID
 0000:2528 idle  _SC_GETTIME
 0000:244A idle  _SC_GOTOXY
 0000:2A64 idle  _SC_KILL
 0000:230A idle  _SC_PUTCH
 0000:27E8 idle  _SC_REBOOT
 0000:38C5 idle  _SC_SEMBROADCAST
 0000:3596 idle  _SC_SEMCREATE
 0000:388D idle  _SC_SEMDESTROY
 0000:3747 idle  _SC_SEMDOWN
 0000:3621 idle  _SC_SEMSET
 0000:365A idle  _SC_SEMUP
 0000:3360 idle  _SC_SENDSIGNAL
 0000:241D idle  _SC_SETCOLOR
 0000:2F31 idle  _SC_WAIT
 0000:2D5E idle  _SC_WAITPID
 0000:3460 idle  _SC_WAITSIGNAL
 0000:242C idle  _SC_WHEREX
 0000:2439 idle  _SC_WHEREY
 0000:2077       _SEMBROADCAST
 0000:202E       _SEMCREATE
 0000:2069       _SEMDESTROY
 0000:205B       _SEMDOWN
 039B:0EFE idle  _SEMID
 0000:203C idle  _SEMSET
 0000:204D       _SEMUP
 0000:137F idle  _SEM_APLIC
 0000:2011 idle  _SENDSIGNAL
 0000:18DF       _SETCOLOR
 0000:20B6       _SETVECT
 0000:1A82       _STRCMP
 0000:1956       _STRCPY
 0000:1AC4       _STRLEN
 0000:1A36 idle  _STRLWR
 0000:1998 idle  _STRNCPY
 0000:19EA idle  _STRUPR
 0000:1C7C idle  _UNSIGNEDLONGTOSTR
 0000:1B9C       _UNSIGNEDTOSTR
 0000:1E36 idle  _UNSIGNEDTOSTRHEXA
 0000:1FA2       _WAIT
 0000:1FC7       _WAITPID
 0000:2022 idle  _WAITSIGNAL
 0000:18EB       _WHEREX
 0000:18F6       _WHEREY

  Address         Publics by Value

 0000:0000 idle  _MAIN
 0000:00C3       _COMMAND
 0000:0885 idle  _CMD_REBOOT
 0000:089B idle  _CMD_EXIT
 0000:08B0 idle  _CMD_HELP
 0000:0908 idle  _CMD_DATE
 0000:09A3 idle  _CMD_TIME
 0000:0A43 idle  _CMD_CLS
 0000:0A59 idle  _CMD_VER
 0000:0A88 idle  _CMD_PS
 0000:0D26 idle  _CMD_KILL
 0000:0D6E idle  _CMD_SET
 0000:0E07 idle  _CMD_UNSET
 0000:0E47 idle  _CMD_ECHO
 0000:109F idle  _CMD_DEMO
 0000:10F3 idle  _CMD_WAITPID
 0000:1182 idle  _CMD_WAIT
 0000:11FA idle  _CMD_SEMLS
 0000:12F0 idle  _CMD_SEMCREATE
 0000:137F idle  _SEM_APLIC
 0000:1488 idle  _CMD_SEMTEST
 0000:14DC idle  _CMD_SEMUP
 0000:1515 idle  _CMD_SEMDESTROY
 0000:154E idle  _CREATE
 0000:173A idle  _CMD_CREATE
 0000:180A idle  _CMD_START
 0000:1845       _PUTCH
 0000:1851       _GETCH
 0000:185C       _CLRSCR
 0000:1865       _PUTSTR
 0000:1884       _PUTSTRXY
 0000:18D4       _GETCOLOR
 0000:18DF       _SETCOLOR
 0000:18EB       _WHEREX
 0000:18F6       _WHEREY
 0000:1901       _GOTOXY
 0000:1910       _GETDATE
 0000:1933       _GETTIME
 0000:1956       _STRCPY
 0000:1998 idle  _STRNCPY
 0000:19EA idle  _STRUPR
 0000:1A36 idle  _STRLWR
 0000:1A82       _STRCMP
 0000:1AC4       _STRLEN
 0000:1ADE idle  _ISDIGIT
 0000:1AFB idle  _ISALPHA
 0000:1B22       _ATOI
 0000:1B9C       _UNSIGNEDTOSTR
 0000:1C7C idle  _UNSIGNEDLONGTOSTR
 0000:1E36 idle  _UNSIGNEDTOSTRHEXA
 0000:1EB6       _INTTOSTR
 0000:1F7A       _REBOOT
 0000:1F83       _FORK
 0000:1F94       _KILL
 0000:1FA2       _WAIT
 0000:1FC7       _WAITPID
 0000:1FEF       _EXIT
 0000:1FFB       _GETPID
 0000:2006 idle  _GETPPID
 0000:2011 idle  _SENDSIGNAL
 0000:2022 idle  _WAITSIGNAL
 0000:202E       _SEMCREATE
 0000:203C idle  _SEMSET
 0000:204D       _SEMUP
 0000:205B       _SEMDOWN
 0000:2069       _SEMDESTROY
 0000:2077       _SEMBROADCAST
 0000:2085       _MINISO_SYSTEMCALL
 0000:2095       _MINISO_CLOCKHANDLER
 0000:20A6       _MINISO_RETURN_ADDR
 0000:20B6       _SETVECT
 0000:20DD       _GETVECT
 0000:20FA       _ENABLE
 0000:20FC       _DISABLE
 0000:20FE       _MK_FP
 0000:2109       _FP_SEG
 0000:2111       _FP_OFF
 0000:2119       _INIT_DS
 0000:2123       _INIT_STACK
 0000:213E       N_LXMUL@
 0000:2147 idle  LXMUL@
 0000:215E idle  N_LDIV@
 0000:2161 idle  LDIV@
 0000:2166       N_LUDIV@
 0000:2169 idle  LUDIV@
 0000:216F idle  N_LMOD@
 0000:2172 idle  LMOD@
 0000:2178       N_LUMOD@
 0000:217B idle  LUMOD@
 0000:220F idle  N_LXLSH@
 0000:2212 idle  LXLSH@
 0000:2230       _SCALL
 0000:230A idle  _SC_PUTCH
 0000:23A0 idle  _SC_GETCH
 0000:23F0 idle  _SC_CLRSCR
 0000:2412 idle  _SC_GETCOLOR
 0000:241D idle  _SC_SETCOLOR
 0000:242C idle  _SC_WHEREX
 0000:2439 idle  _SC_WHEREY
 0000:244A idle  _SC_GOTOXY
 0000:2478 idle  _SC_GETDATE
 0000:2528 idle  _SC_GETTIME
 0000:25C1       _MINISO_CONTEXTSWITCH
 0000:26EC idle  _MINISO_INIT_SEMTABLE
 0000:2707       _MINISO_INIT_PROCTABLE
 0000:27E8 idle  _SC_REBOOT
 0000:2808 idle  _SC_FORK
 0000:2A64 idle  _SC_KILL
 0000:2D5E idle  _SC_WAITPID
 0000:2F31 idle  _SC_WAIT
 0000:30B1 idle  _SC_EXIT
 0000:3336 idle  _SC_GETPID
 0000:334B idle  _SC_GETPPID
 0000:3360 idle  _SC_SENDSIGNAL
 0000:3460 idle  _SC_WAITSIGNAL
 0000:3596 idle  _SC_SEMCREATE
 0000:3621 idle  _SC_SEMSET
 0000:365A idle  _SC_SEMUP
 0000:3747 idle  _SC_SEMDOWN
 0000:388D idle  _SC_SEMDESTROY
 0000:38C5 idle  _SC_SEMBROADCAST
 039B:0CE1 idle  _MINISO_READY
 039B:0CE3 idle  _MINISO_FREE
 039B:0CE5 idle  _MINISO_SCALL_TABLE
 039B:0EFE idle  _SEMID
 039B:1512       _MINISO_OLDISR
 039B:1516 idle  _MINISO_NEXTTHREAD
 039B:1518 idle  _MINISO_DELCURTHREAD
 039B:1519       _MINISO_THREAD
 039B:16B9       _MINISO_SEM

Program entry point at 0000:0000
Warning: No stack

